// Jest Snapshot v1, https://goo.gl/fbAQLP

exports[`Test en <AddCategory /> Debe de mostrarse correctamente <AddCategory /> 1`] = `
<form
  className="form__search__bar"
  onSubmit={[Function]}
>
  <input
    onChange={[Function]}
    placeholder="Add category"
    type="text"
    value=""
  />
  <button>
    ok
  </button>
</form>
`;
